2021-03-11 22:34:55,664:INFO:flipkrat.py:Url hitted
2021-03-11 22:34:55,871:INFO:flipkrat.py:login popup handled
2021-03-11 22:34:56,219:INFO:flipkrat.py:Search begins
2021-03-11 22:34:59,039:INFO:flipkrat.py:Data saved in scrapper file
2021-03-11 22:35:58,120:INFO:flipkrat.py:Url hitted
2021-03-11 22:35:58,315:INFO:flipkrat.py:login popup handled
2021-03-11 22:35:58,591:INFO:flipkrat.py:Search begins
2021-03-11 22:36:01,400:INFO:flipkrat.py:Data saved in scrapper file
2021-03-11 22:36:23,309:INFO:flipkrat.py:Url hitted
2021-03-11 22:36:23,496:INFO:flipkrat.py:login popup handled
2021-03-11 22:36:23,770:INFO:flipkrat.py:Search begins
2021-03-11 22:36:33,418:INFO:flipkrat.py:Url hitted
2021-03-11 22:36:33,647:INFO:flipkrat.py:login popup handled
2021-03-11 22:36:34,002:INFO:flipkrat.py:Search begins
2021-03-11 22:36:36,914:INFO:flipkrat.py:Data saved in scrapper file
2021-03-11 22:37:59,845:INFO:flipkrat.py:Thread run completed
2021-03-12 18:10:07,996:INFO:flipkrat.py:Url hitted
2021-03-12 18:10:08,216:INFO:flipkrat.py:login popup handled
2021-03-12 18:10:08,649:INFO:flipkrat.py:Search begins for Nike
2021-03-12 18:10:15,835:INFO:flipkrat.py:Data saved in scrapper file
2021-03-12 18:21:17,976:INFO:flipkrat.py:Url hitted
2021-03-12 18:21:18,307:INFO:flipkrat.py:login popup handled
2021-03-12 18:21:18,661:INFO:flipkrat.py:Search begins for shorts
2021-03-12 18:21:45,120:INFO:flipkrat.py:Thread run completed
2021-03-12 18:51:46,598:INFO:flipkrat.py:Url hitted
2021-03-12 18:51:46,854:INFO:flipkrat.py:login popup handled
2021-03-12 18:51:47,148:INFO:flipkrat.py:Search begins for Nike
2021-03-12 18:51:52,934:INFO:flipkrat.py:Data saved in scrapper file
2021-03-12 18:59:13,412:INFO:flipkrat.py:Url hitted
2021-03-12 18:59:13,585:INFO:flipkrat.py:login popup handled
2021-03-12 18:59:13,871:INFO:flipkrat.py:Search begins for Nike
2021-03-12 18:59:20,027:INFO:flipkrat.py:Data saved in scrapper file
2021-03-12 19:05:39,138:INFO:flipkrat.py:Url hitted
2021-03-12 19:05:39,293:INFO:flipkrat.py:login popup handled
2021-03-12 19:05:39,627:INFO:flipkrat.py:Search begins for Saree
2021-03-12 19:05:45,435:INFO:flipkrat.py:Data saved in scrapper file
2021-03-12 19:48:30,551:INFO:flipkrat.py:Url hitted
2021-03-12 19:48:32,022:INFO:flipkrat.py:login popup handled
2021-03-12 19:48:33,971:INFO:flipkrat.py:Search begins for Nike
2021-03-12 19:48:39,271:INFO:flipkrat.py:Data saved in scrapper file
2021-03-12 19:52:16,469:INFO:flipkrat.py:Url hitted
2021-03-12 19:52:16,797:INFO:flipkrat.py:login popup handled
2021-03-12 19:52:17,244:INFO:flipkrat.py:Search begins for Nike
2021-03-12 19:52:19,627:INFO:flipkrat.py:Data saved in scrapper file
2021-03-12 22:38:31,082:INFO:flipkrat.py:Url hitted
2021-03-12 22:38:31,387:INFO:flipkrat.py:login popup handled
2021-03-12 22:38:31,835:INFO:flipkrat.py:Search begins for Nike
2021-03-12 22:38:38,080:INFO:flipkrat.py:Data saved in scrapper file
2021-08-01 21:38:32,104:INFO:flipkrat.py:Url hitted
2021-08-01 21:38:32,338:INFO:flipkrat.py:login popup handled
2021-08-01 21:38:32,521:INFO:flipkrat.py:Search begins for samsung
2021-08-01 21:38:35,470:INFO:flipkrat.py:Data saved in scrapper file
2021-08-01 21:39:16,592:INFO:flipkrat.py:Url hitted
2021-08-01 21:39:16,682:INFO:flipkrat.py:login popup handled
2021-08-01 21:39:16,825:INFO:flipkrat.py:Search begins for samsung
2021-08-01 21:39:19,267:INFO:flipkrat.py:Data saved in scrapper file
2021-08-01 21:39:35,382:INFO:flipkrat.py:Url hitted
2021-08-01 21:39:35,473:INFO:flipkrat.py:login popup handled
2021-08-01 21:39:35,635:INFO:flipkrat.py:Search begins for hp
2021-08-01 21:40:17,084:INFO:flipkrat.py:Thread run completed
2021-08-01 21:53:09,981:INFO:flipkrat.py:Url hitted
2021-08-01 21:53:10,069:INFO:flipkrat.py:login popup handled
2021-08-01 21:53:10,277:INFO:flipkrat.py:Search begins for samsung
2021-08-01 21:55:05,575:INFO:flipkrat.py:Url hitted
2021-08-01 21:55:05,751:INFO:flipkrat.py:login popup handled
2021-08-01 21:55:05,959:INFO:flipkrat.py:Search begins for hp
2021-08-01 21:58:53,813:INFO:flipkrat.py:Url hitted
2021-08-01 21:58:53,925:INFO:flipkrat.py:login popup handled
2021-08-01 21:58:54,117:INFO:flipkrat.py:Search begins for hp
2021-08-01 22:05:41,903:INFO:flipkrat.py:Url hitted
2021-08-01 22:05:42,039:INFO:flipkrat.py:login popup handled
2021-08-01 22:05:42,303:INFO:flipkrat.py:Search begins for samsung
2021-08-01 22:05:44,599:INFO:flipkrat.py:Data saved in scrapper file
2021-08-01 22:06:18,006:INFO:flipkrat.py:Url hitted
2021-08-01 22:06:18,126:INFO:flipkrat.py:login popup handled
2021-08-01 22:06:18,358:INFO:flipkrat.py:Search begins for samsung
2021-08-01 22:06:21,078:INFO:flipkrat.py:Data saved in scrapper file
2021-08-04 18:21:35,980:INFO:flipkrat.py:Url hitted
2021-08-04 18:21:36,108:INFO:flipkrat.py:login popup handled
2021-08-04 18:21:36,284:INFO:flipkrat.py:Search begins for pen
2021-08-04 18:22:03,767:INFO:flipkrat.py:Thread run completed
2021-08-04 18:24:30,992:INFO:flipkrat.py:Url hitted
2021-08-04 18:24:31,072:INFO:flipkrat.py:login popup handled
2021-08-04 18:24:31,256:INFO:flipkrat.py:Search begins for pen
2021-08-04 18:24:50,510:INFO:flipkrat.py:Thread run completed
2021-08-04 18:31:48,257:INFO:flipkrat.py:Url hitted
2021-08-04 18:31:48,345:INFO:flipkrat.py:login popup handled
2021-08-04 18:31:48,505:INFO:flipkrat.py:Search begins for pen
2021-08-04 18:32:13,654:INFO:flipkrat.py:Thread run completed
2021-08-04 18:36:33,194:INFO:flipkrat.py:Url hitted
2021-08-04 18:36:33,265:INFO:flipkrat.py:login popup handled
2021-08-04 18:36:33,401:INFO:flipkrat.py:Search begins for pen
2021-08-04 18:36:34,441:INFO:flipkrat.py:Data saved in scrapper file
2021-08-04 18:53:55,231:INFO:flipkrat.py:Url hitted
2021-08-04 18:53:55,303:INFO:flipkrat.py:login popup handled
2021-08-04 18:53:55,447:INFO:flipkrat.py:Search begins for pen
2021-08-04 18:53:56,296:INFO:flipkrat.py:Data saved in scrapper file
2021-08-04 18:58:57,779:INFO:flipkrat.py:Url hitted
2021-08-04 18:58:57,875:INFO:flipkrat.py:login popup handled
2021-08-04 18:58:58,067:INFO:flipkrat.py:Search begins for pen
2021-08-04 18:58:58,907:INFO:flipkrat.py:Data saved in scrapper file
2021-08-04 19:00:26,748:INFO:flipkrat.py:Url hitted
2021-08-04 19:00:26,844:INFO:flipkrat.py:login popup handled
2021-08-04 19:00:27,020:INFO:flipkrat.py:Search begins for pen
2021-08-04 19:00:27,876:INFO:flipkrat.py:Data saved in scrapper file
2021-08-04 19:28:45,122:INFO:flipkrat.py:Url hitted
2021-08-04 19:28:45,264:INFO:flipkrat.py:Url hitted
2021-08-04 19:28:47,324:INFO:flipkrat.py:login popup handled
2021-08-04 19:28:47,327:INFO:flipkrat.py:login popup handled
2021-08-04 19:28:48,230:INFO:flipkrat.py:Search begins for samsung
2021-08-04 19:28:48,234:INFO:flipkrat.py:Search begins for samsung
2021-08-04 19:29:34,014:INFO:flipkrat.py:Thread run completed
2021-08-04 19:29:38,018:INFO:flipkrat.py:Thread run completed
2021-08-04 19:38:04,499:INFO:flipkrat.py:Url hitted
2021-08-04 19:38:04,559:INFO:flipkrat.py:login popup handled
2021-08-04 19:38:04,710:INFO:flipkrat.py:Search begins for samsung
2021-08-04 19:38:05,885:INFO:flipkrat.py:Data saved in scrapper file
2021-08-04 21:14:22,620:INFO:flipkrat.py:Url hitted
2021-08-04 21:14:22,726:INFO:flipkrat.py:login popup handled
2021-08-04 21:14:22,887:INFO:flipkrat.py:Search begins for pen
2021-08-04 21:14:24,119:INFO:flipkrat.py:Data saved in scrapper file
2021-08-04 21:23:31,874:INFO:flipkrat.py:Url hitted
2021-08-04 21:23:31,952:INFO:flipkrat.py:login popup handled
2021-08-04 21:23:32,104:INFO:flipkrat.py:Search begins for samsung
2021-08-04 21:23:33,311:INFO:flipkrat.py:Data saved in scrapper file
2021-08-04 21:25:18,679:INFO:flipkrat.py:Url hitted
2021-08-04 21:25:18,735:INFO:flipkrat.py:login popup handled
2021-08-04 21:25:18,861:INFO:flipkrat.py:Search begins for samsung
2021-08-04 21:25:19,948:INFO:flipkrat.py:Data saved in scrapper file
2021-08-04 21:26:28,906:INFO:flipkrat.py:Url hitted
2021-08-04 21:26:28,958:INFO:flipkrat.py:login popup handled
2021-08-04 21:26:29,073:INFO:flipkrat.py:Search begins for samsung
2021-08-04 21:26:30,183:INFO:flipkrat.py:Data saved in scrapper file
2021-08-04 21:30:44,278:INFO:flipkrat.py:Url hitted
2021-08-04 21:30:44,331:INFO:flipkrat.py:login popup handled
2021-08-04 21:30:44,456:INFO:flipkrat.py:Search begins for samsung
2021-08-04 21:30:45,594:INFO:flipkrat.py:Data saved in scrapper file
2021-08-04 21:32:32,073:INFO:flipkrat.py:Url hitted
2021-08-04 21:32:32,126:INFO:flipkrat.py:login popup handled
2021-08-04 21:32:32,238:INFO:flipkrat.py:Search begins for samsung
2021-08-04 21:32:33,458:INFO:flipkrat.py:Data saved in scrapper file
2021-08-04 21:37:20,425:INFO:flipkrat.py:Url hitted
2021-08-04 21:37:21,132:INFO:flipkrat.py:login popup handled
2021-08-04 21:37:21,550:INFO:flipkrat.py:Search begins for samsung
2021-08-04 21:37:22,842:INFO:flipkrat.py:Data saved in scrapper file
2021-08-04 21:42:34,770:INFO:flipkrat.py:Url hitted
2021-08-04 21:42:35,054:INFO:flipkrat.py:login popup handled
2021-08-04 21:42:35,646:INFO:flipkrat.py:Search begins for samsung
2021-08-04 21:42:36,961:INFO:flipkrat.py:Data saved in scrapper file
2021-08-04 21:48:08,891:INFO:flipkrat.py:Url hitted
2021-08-04 21:48:08,978:INFO:flipkrat.py:login popup handled
2021-08-04 21:48:09,154:INFO:flipkrat.py:Search begins for samsung
2021-08-04 21:48:10,302:INFO:flipkrat.py:Data saved in scrapper file
2021-08-04 21:53:46,072:INFO:flipkrat.py:Url hitted
2021-08-04 21:53:46,130:INFO:flipkrat.py:login popup handled
2021-08-04 21:53:46,248:INFO:flipkrat.py:Search begins for samsung
2021-08-04 21:53:47,364:INFO:flipkrat.py:Data saved in scrapper file
2021-08-04 21:55:32,428:INFO:flipkrat.py:Url hitted
2021-08-04 21:55:32,483:INFO:flipkrat.py:login popup handled
2021-08-04 21:55:32,608:INFO:flipkrat.py:Search begins for samsung
2021-08-04 21:55:33,735:INFO:flipkrat.py:Data saved in scrapper file
2021-08-04 21:57:47,396:INFO:flipkrat.py:Url hitted
2021-08-04 21:57:47,449:INFO:flipkrat.py:login popup handled
2021-08-04 21:57:47,567:INFO:flipkrat.py:Search begins for samsung
2021-08-04 21:57:48,702:INFO:flipkrat.py:Data saved in scrapper file
2021-08-04 21:59:17,556:INFO:flipkrat.py:Url hitted
2021-08-04 21:59:17,609:INFO:flipkrat.py:login popup handled
2021-08-04 21:59:17,731:INFO:flipkrat.py:Search begins for samsung
2021-08-04 21:59:18,855:INFO:flipkrat.py:Data saved in scrapper file
2021-08-05 09:02:59,257:INFO:flipkrat.py:Url hitted
2021-08-05 09:02:59,349:INFO:flipkrat.py:login popup handled
2021-08-05 09:02:59,514:INFO:flipkrat.py:Search begins for samsung
2021-08-05 09:03:01,131:INFO:flipkrat.py:Data saved in scrapper file
